然而，知情人士表示，潜在竞购者提出的指示性报价与美银的预期不符。
许多人期望DTCC能“履行”自己的职位，但他们不是成员，没有任何要求，只是被迫单独管理交易的清算。
此举被广泛视为中国政府努力解决公众对与外国援助项目相关的腐败指控的戒心的一部分，尤其是那些由中国资助的项目。中国在没有竞标的情况下提名供应商和承包商。
那不是借口。
TPG联合创始人戴维・邦德曼在上世纪80年代末和90年代初的储蓄和贷款危机之后帮助他树立了声誉，他于1996年以巨额利润参与了收购美国储蓄银行及其后出售给华盛顿互惠银行。
从这个数字来看，经过3年的强劲增长，中国目前的资产总量为2836亿元人民币。
这将帮助我们留住用户。”
共有37家外国基金管理公司通过与中资集团的合资企业中的少数股权，在中国开展业务。
“你会认为，有些参议员想给他一个奖。”
该地区人口超过6亿，国内生产总值总和超过巴西或印度。
图克韦尔创立的ETF Securities目前提供300多种交易所交易产品，这些产品原本是禁止所有人交易的，但只有那些足够富有的人才能直接交易期货。
2006年6月，在新总行召开的一次战略会议上，一些董事会成员质疑该行是否雄心勃勃。
就连竞选美国总统的共和党地产大亨唐纳德・特朗普也对对冲基金经理大加抨击，称他们是“送纸人”，不缴纳应得税。
欧盟正涉入震动伦敦金融城的利率操纵丑闻，提出一项提议，拟非法操纵欧盟各地的市场指数，并对有关Libor设定规则的基本审查。
他表示，此举是人民币全面自由化的一部分，人民币最终目标是完全可兑换-尽管这距离实现完全可兑换还有很长的路要走。
过去几个月，至少两名员工已表明，他们愿意泄露监管信息。传统上，监管信息被认为是严格保密的：
花旗集团发言人香农・贝尔对这笔交易“没有置评”。
在债市，2012年巴西企业创下了此前所有纪录，在美国上市发行的债券筹资433亿美元，而去年同期为305亿美元。
ICAP在5月份的年报中表示，该集团的部分部门“收到一些政府机构的请求，要求它们提供有关Libor如何设定的调查信息”。
巴克莱资本估计，爱尔兰高级银行债务占国内生产总值的38%，低于比利时、西班牙、英国和荷兰。
当然，华盛顿和华尔街之间紧密的联系并不新鲜，尤其是在高盛方面。
澳大利亚的澳新银行和华侨银行以及新加坡的大华银行等都有报道。
奥斯本正考虑对这起事件展开公开调查，这个法庭可能会迫使银行家解释奥斯本在过去10年中期所称的金融城“系统贪婪”文化。
欧智华表示，汇丰著名的广告口号-“全球本地银行”-聚焦于零售分行，如今已具有误导性。
彼等拥有直接的交易及管理市场风险的职业生涯经验。
高级监管人士称，中国政府还试图压低飙升的住宅地产价格，并可能在未来几个月上调抵押贷款最低存款要求。
向银行购买有毒资产提供财务援助，并提供担保，以弥补这些资产的部分损失。
但他补充称，在处理不同国家的不同规则方面，存在法律障碍。
Omfif计划5月在吉隆坡举行类似的会议。
民主是发展中国家的奢侈品。
威尔在回忆录中说，普林斯一直在“成长为这个职位”，而时代华纳首席执行官、花旗集团董事帕森斯今年早些时候对《财富》杂志表示，普林斯在被任命时没有足够的运营经验，但最终却成为“比我们希望的更好的领导人”。
根据从今年3月到12月的第一份合同，只要纽约交易的油价保持在每桶63.50美元以上，J. aron就必须每月支付这家中国集团30万美元。
瑞信预计，全球最富有的人中，有40%位于亚洲。该行希望通过利用资产管理和投行部门，从这些目标客户中获取更多收入，实际上，该行将加快向富有私人客户的产品分销。
这使得20%的估值相对好消息，即便这只是银行自己在今年银行业监管机构进行更正式评估之前提供的初步数据。
中国央行表示，正在评估这种行为是否“如果得到证实”，是否对香港银行同业拆借利率的设定产生“重大影响”。
这让香港和新加坡金融中心今年的奖金发放和裁员感到失望。
“印度是同性恋相关法律没有改变但社会没有改变的地方之一。
他表示： “那些不急于在香港注册基金产品的基金经理可能会暂时松一口气。”
据一位知情人士透露，马斯特斯决定不去摩科瑞，但尚未决定下一步该怎么做。在备忘录中，她被形容为“把业务打造成了当今行业领先的特许经营”。
美林经历了两年的动荡。此前，美国房地产市场崩盘导致大规模资产减记，导致大量高管离职，令员工和客户士气以及经营业绩受挫。
如今，从美国银行从中国建设银行退出的无情部分来看，中国高管们年纪大了，也更聪明了。
美国财政部昨日禁止美国银行与汇业银行进行交易，此前一项调查得出结论，该澳门银行曾帮助朝鲜洗钱。
AIGFP在其售出的120亿美元次级抵押贷款证券信用保险中，亏损4.54亿美元，表明该业务仍有多严重。
尼日利亚银行的未来发展可能对整个非洲大陆产生影响。
对投资者来说，最关键的因素之一是了解他们基金的开曼董事是谁。
最终，这是一种不双赢的局面。”
这份名单并不公开，它包含许多跨国银行的名字，这些名字将是人们普遍预期的：
香港银行同业拆借利率周三大幅上扬，加大了小银行从规模更大的竞争对手那里获取贷款的难度。
没有一群人在抽长烟。”
瑞银强调，该行“致力于”与中行及其它中国内地业务的关系。
Mediobanca分析师克里斯托弗・惠勒表示： “这感觉像是一笔200亿至300亿美元的发行。”
它一直能够为投资者募资，从一只当地基金-亚洲另类基金-到美国华盛顿州。
由阿里巴巴旗下企业浙江蚂蚁金服旗下的库，持有6张新的银行牌照，其中一张是根据一项试点计划授予民营企业的6张银行牌照，该计划旨在实现中国金融体系多元化。
去年，大学毕业生报告的薪资中值为2.05万英镑。
他很有能力，而且非常亲力亲为。”
2000年代初格林斯潘担任美联储主席时，我曾报道过美联储，我对以这种教授风格与格林斯潘长期交谈的记忆很快又回到了我脑海中。
过去6个月，纽约五大投行中的3家因投资者蜂拥而倒闭，此举也被视为某种投降。
“许多银行今年已经进行了6轮裁员，这让高管们感到恐慌，”一家大型投行部门的负责人表示。
与此同时，爱尔兰等欧洲国家正艰难地为过去银行纾困带来的公共债务负担再融资。
这家百年老交易所将此举作为香港加大投资力度、以人民币计价的举措的一部分，也是利用内地黄金需求旺盛而赚钱的尝试。与2010年相比，中国对黄金的需求仍在增长，截至2011年第二季度，黄金需求已跃升近40%。
这位官员不愿透露需要多少钱。
我们希望与那些经得起时间考验的公司合作，而不是那些只想赚钱的公司。”
22岁的儿子李兆辉剪短了朋克发型，开始经营这家公司。
高盛的私人股本部门、新加坡主权财富基金淡马锡和中国私人股本集团新视野持有少量股份。
香港、台湾和新加坡也有类似的配额协议。
面对主权债务危机，欧洲领导人争相恢复团结。德国单方面禁止裸卖空令盟国失望。
结果，投资者往往把债券和信托产品视为政府的隐性支持，这帮助中国自2009年以来迅速实现了信贷繁荣。
能源公司和其他大宗商品交易公司内部的交易量也令人担忧。
近年来，由于缺乏支付基础设施，中国信用卡市场开局缓慢，增长速度开始加快。
该委员会还希望，如果最大的审计网络将成员公司分割成独立的审计和咨询业务，如果这些业务超过一定的门槛，那么它就会超越美国等其它地区对“非审计”工作的限制。
事实上，依赖易得易得的资金是5年前许多银行需要纾困的一大原因。
随着基准的10年期美国国债收益率飙升至3%，大银行证券投资组合的利润从年初的近400亿美元骤降。
该财团的晚期变动将惹恼兴业银行，该行表示，其自己的集团仍保持坚挺。
遗憾的是，全球金融危机让许多投资者措手不及，富通的股价也未能幸免。”
在就职演说中，中国央行行长刘安东表示，将特别努力向农村家庭和企业提供信贷，以“促进”中国农村的发展。
一家全球航空公司的想法被吹捧为一个奇特但非常合乎逻辑的想法有多久了？
《日经商报》报道称，预计该行将融资约4000亿日元，成为日本本财年规模最大的融资发行。
然而，中国银行本周表示，其他主要外国投资者中没有一家计划出售所持股份。中国银行目前仍持有中国政府的多数股权。
但摩根士丹利和咨询师奥纬咨询去年在一份报告中写道，当新规出台时，抵押品转换的收入“很可能抵消掉大部分损失”，这可能会抑制这些银行过去的一些赚钱行为。
换句话说，Countrywide和美林实际上都是破产机构，甚至支付1美元购入股本，这很可能是过头了。
随着自动化取代人，大约3000至4000名员工也将被从消费行业裁减。
建行表示：
但在金融危机之后，它们已走向全球监管努力的前沿，以改革衍生品市场，降低大银行构成的风险。
银行自己声称，这种转变是真实而持久的。
特里表示： “我们将看到一些波动，高薪银行家将离职，低薪人员将被招聘到同一个职位，以使商业模式在这一特定领域发挥作用。”
自我建议的大型并购的兴起，与总部位于加州的风险投资业崛起为科技公司最重要的单一资金来源，并非巧合。
这不可能是一种孤立的不当行为。
花旗的经营过程加剧了这种担忧。
美银授权去年收购的美林和瑞银安排在1月份出售这28亿美元的部分。
这笔道歉和纾困贷款是凯雷试图为凯雷资本(Carlyle Capital corporation,CCC)的危机划清界限。自7月4日上市以来，凯雷一直遭受着一连串坏消息。
在欧洲，法兰克福上升5位，超过卢森堡，华沙上升26位，第38位，都柏林上升6位，第46位。
他的首站将会见Mittelstand的几位主要成员。 mittelstand是德国经济支柱的家族企业。
这曾帮助印度企业走出国门，美国企业来印度。
相反，政治障碍似乎来自欧洲，人们担心即将出台的“另类投资基金管理公司”指令，可能会让欧盟投资者难以利用位于27个成员国之外的私人股本基金。
但是，出于对改革的渴望，欧洲政策制定者已经提出了从反效果到彻底行不通的提案草案。
“好消息，”
传统银行正在反击，敦促加强监管，推出类似产品，提高存款利率，但迄今收效甚微。
高盛前中国区主管、中国最古老、最知名的私人股本公司之一Primavera的创始人胡祖六表示，国企内部有一些非常优秀、有才华的人，但他们缺乏推动改革的激励-无论是金融还是其他。
